BUILD FAILED in 17s
